===== Run 1 =====
[INFO] Scanning for projects...
[INFO] Inspecting build with total of 1 modules...
[INFO] Installing Nexus Staging features:
[INFO]   ... total of 1 executions of maven-deploy-plugin replaced with nexus-staging-maven-plugin
[INFO] 
[INFO] --------------------< net.bytebuddy:byte-buddy-dep >--------------------
[INFO] Building Byte Buddy (with dependencies) 1.14.9-SNAPSHOT
[INFO] --------------------------------[ jar ]---------------------------------
[INFO] 
[INFO] >>> nondex-maven-plugin:2.1.7:nondex (default-cli) > test-compile @ byte-buddy-dep >>>
[INFO] 
[INFO] --- maven-resources-plugin:3.2.0:resources (default-resources) @ byte-buddy-dep ---
[INFO] Using 'UTF-8' encoding to copy filtered resources.
[INFO] Using 'UTF-8' encoding to copy filtered properties files.
[INFO] skip non existing resourceDirectory /home/sdoudakl/SWE437Assignment/SWE_437Assignment/byte-buddy-dep/src/main/resources
[INFO] Copying 2 resources to META-INF
[INFO] Copying 9 resources
[INFO] 
[INFO] --- maven-compiler-plugin:3.10.1:compile (default-compile) @ byte-buddy-dep ---
[INFO] Nothing to compile - all classes are up to date
[INFO] 
[INFO] --- byte-buddy-maven-plugin:1.14.6:transform (default) @ byte-buddy-dep ---
[INFO] Resolving transformer dependency: MavenCoordinate{groupId='net.bytebuddy', artifactId='byte-buddy', version='1.14.6', packaging='jar'}
[INFO] Resolved plugin: net.bytebuddy.build.HashCodeAndEqualsPlugin$WithNonNullableFields
[INFO] Resolved plugin: net.bytebuddy.build.CachedReturnPlugin
[INFO] Resolved plugin: net.bytebuddy.build.AccessControllerPlugin
[INFO] Resolved plugin: net.bytebuddy.build.DispatcherAnnotationPlugin
[INFO] Resolved plugin: net.bytebuddy.build.RepeatedAnnotationPlugin
[INFO] Resolved entry point: REDEFINE
[INFO] Processing class files located in in: /home/sdoudakl/SWE437Assignment/SWE_437Assignment/byte-buddy-dep/target/classes
[INFO] No types were transformed during plugin execution but 2833 class file(s) were considered stale
[INFO] 
[INFO] --- maven-resources-plugin:3.2.0:testResources (default-testResources) @ byte-buddy-dep ---
[INFO] Using 'UTF-8' encoding to copy filtered resources.
[INFO] Using 'UTF-8' encoding to copy filtered properties files.
[INFO] Copying 1 resource
[INFO] Copying 1 resource
[INFO] Copying 1 resource
[INFO] Copying 15 resources
[INFO] Copying 34 resources
[INFO] Copying 1 resource
[INFO] Copying 2 resources
[INFO] Copying 2 resources
[INFO] Copying 5 resources
[INFO] 
[INFO] --- maven-compiler-plugin:3.10.1:testCompile (default-testCompile) @ byte-buddy-dep ---
[INFO] Nothing to compile - all classes are up to date
[INFO] 
[INFO] <<< nondex-maven-plugin:2.1.7:nondex (default-cli) < test-compile @ byte-buddy-dep <<<
[INFO] 
[INFO] 
[INFO] --- nondex-maven-plugin:2.1.7:nondex (default-cli) @ byte-buddy-dep ---
INFO: The original argline is: 
INFO: Adding NonDex argLine to existing argLine specified by the project
CONFIG: nondexFilter=.*
nondexMode=FULL
nondexSeed=933178
nondexStart=0
nondexEnd=9223372036854775807
nondexPrintstack=false
nondexDir=/home/sdoudakl/SWE437Assignment/SWE_437Assignment/byte-buddy-dep/.nondex
nondexJarDir=.nondex
nondexExecid=clean_SeGVISDXLIEUeHoL8pGlmJdOV+gHZXf7mEBV7kzFgM=
nondexLogging=CONFIG
test=
[INFO] 
[INFO] -------------------------------------------------------
[INFO]  T E S T S
[INFO] -------------------------------------------------------
[INFO] Running net.bytebuddy.description.type.TypeDescriptionArrayProjectionTest
[INFO] Tests run: 1, Failures: 0, Errors: 0, Skipped: 0, Time elapsed: 0.244 s - in net.bytebuddy.description.type.TypeDescriptionArrayProjectionTest
[INFO] 
[INFO] Results:
[INFO] 
[INFO] Tests run: 1, Failures: 0, Errors: 0, Skipped: 0
[INFO] 
INFO: Adding excluded groups to newly created one
INFO: Adding NonDex argLine to existing argLine specified by the project
CONFIG: nondexFilter=.*
nondexMode=FULL
nondexSeed=933178
nondexStart=0
nondexEnd=9223372036854775807
nondexPrintstack=false
nondexDir=/home/sdoudakl/SWE437Assignment/SWE_437Assignment/byte-buddy-dep/.nondex
nondexJarDir=/home/sdoudakl/SWE437Assignment/SWE_437Assignment/byte-buddy-dep/.nondex
nondexExecid=9YEVmONoN4FGCcGh0iiGX9Fvp2NkVEIRUDrST7JGI0=
nondexLogging=CONFIG
test=
[INFO] 
[INFO] -------------------------------------------------------
[INFO]  T E S T S
[INFO] -------------------------------------------------------
[INFO] Running net.bytebuddy.description.type.TypeDescriptionArrayProjectionTest
[INFO] Tests run: 1, Failures: 0, Errors: 0, Skipped: 0, Time elapsed: 0.194 s - in net.bytebuddy.description.type.TypeDescriptionArrayProjectionTest
[INFO] 
[INFO] Results:
[INFO] 
[INFO] Tests run: 1, Failures: 0, Errors: 0, Skipped: 0
[INFO] 
INFO: Adding excluded groups to newly created one
INFO: Adding NonDex argLine to existing argLine specified by the project
CONFIG: nondexFilter=.*
nondexMode=FULL
nondexSeed=974622
nondexStart=0
nondexEnd=9223372036854775807
nondexPrintstack=false
nondexDir=/home/sdoudakl/SWE437Assignment/SWE_437Assignment/byte-buddy-dep/.nondex
nondexJarDir=/home/sdoudakl/SWE437Assignment/SWE_437Assignment/byte-buddy-dep/.nondex
nondexExecid=7cbju1QuqIiFuPS278Lg9nRuCv2BleAxqjVo5C0cc=
nondexLogging=CONFIG
test=
[INFO] 
[INFO] -------------------------------------------------------
[INFO]  T E S T S
[INFO] -------------------------------------------------------
[INFO] Running net.bytebuddy.description.type.TypeDescriptionArrayProjectionTest
[INFO] Tests run: 1, Failures: 0, Errors: 0, Skipped: 0, Time elapsed: 0.182 s - in net.bytebuddy.description.type.TypeDescriptionArrayProjectionTest
[INFO] 
[INFO] Results:
[INFO] 
[INFO] Tests run: 1, Failures: 0, Errors: 0, Skipped: 0
[INFO] 
INFO: Adding excluded groups to newly created one
INFO: Adding NonDex argLine to existing argLine specified by the project
CONFIG: nondexFilter=.*
nondexMode=FULL
nondexSeed=1016066
nondexStart=0
nondexEnd=9223372036854775807
nondexPrintstack=false
nondexDir=/home/sdoudakl/SWE437Assignment/SWE_437Assignment/byte-buddy-dep/.nondex
nondexJarDir=/home/sdoudakl/SWE437Assignment/SWE_437Assignment/byte-buddy-dep/.nondex
nondexExecid=ZUbq1mGHGVauNXbaSx47+htS37vixubggna1fC8zRk=
nondexLogging=CONFIG
test=
[INFO] 
[INFO] -------------------------------------------------------
[INFO]  T E S T S
[INFO] -------------------------------------------------------
[INFO] Running net.bytebuddy.description.type.TypeDescriptionArrayProjectionTest
[INFO] Tests run: 1, Failures: 0, Errors: 0, Skipped: 0, Time elapsed: 0.182 s - in net.bytebuddy.description.type.TypeDescriptionArrayProjectionTest
[INFO] 
[INFO] Results:
[INFO] 
[INFO] Tests run: 1, Failures: 0, Errors: 0, Skipped: 0
[INFO] 
[INFO] NonDex SUMMARY:
[INFO] *********
[INFO] mvn nondex:nondex  -DnondexFilter='.*' -DnondexMode=FULL -DnondexSeed=933178 -DnondexStart=0 -DnondexEnd=9223372036854775807 -DnondexPrintstack=false -DnondexDir="/home/sdoudakl/SWE437Assignment/SWE_437Assignment/byte-buddy-dep/.nondex" -DnondexJarDir="/home/sdoudakl/SWE437Assignment/SWE_437Assignment/byte-buddy-dep/.nondex" -DnondexExecid=9YEVmONoN4FGCcGh0iiGX9Fvp2NkVEIRUDrST7JGI0= -DnondexLogging=CONFIG
[INFO] No Test Failed with this configuration.
[INFO] *********
[INFO] *********
[INFO] mvn nondex:nondex  -DnondexFilter='.*' -DnondexMode=FULL -DnondexSeed=974622 -DnondexStart=0 -DnondexEnd=9223372036854775807 -DnondexPrintstack=false -DnondexDir="/home/sdoudakl/SWE437Assignment/SWE_437Assignment/byte-buddy-dep/.nondex" -DnondexJarDir="/home/sdoudakl/SWE437Assignment/SWE_437Assignment/byte-buddy-dep/.nondex" -DnondexExecid=7cbju1QuqIiFuPS278Lg9nRuCv2BleAxqjVo5C0cc= -DnondexLogging=CONFIG
[INFO] No Test Failed with this configuration.
[INFO] *********
[INFO] *********
[INFO] mvn nondex:nondex  -DnondexFilter='.*' -DnondexMode=FULL -DnondexSeed=1016066 -DnondexStart=0 -DnondexEnd=9223372036854775807 -DnondexPrintstack=false -DnondexDir="/home/sdoudakl/SWE437Assignment/SWE_437Assignment/byte-buddy-dep/.nondex" -DnondexJarDir="/home/sdoudakl/SWE437Assignment/SWE_437Assignment/byte-buddy-dep/.nondex" -DnondexExecid=ZUbq1mGHGVauNXbaSx47+htS37vixubggna1fC8zRk= -DnondexLogging=CONFIG
[INFO] No Test Failed with this configuration.
[INFO] *********
[INFO] All tests pass without NonDex shuffling
[INFO] ####################
[INFO] Across all seeds:
[INFO] Test results can be found at: 
[INFO] file:///home/sdoudakl/SWE437Assignment/SWE_437Assignment/byte-buddy-dep/.nondex/9YEVmONoN4FGCcGh0iiGX9Fvp2NkVEIRUDrST7JGI0=/test_results.html
[INFO] [NonDex] The id of this run is: 9YEVmONoN4FGCcGh0iiGX9Fvp2NkVEIRUDrST7JGI0=
[INFO] ------------------------------------------------------------------------
[INFO] BUILD SUCCESS
[INFO] ------------------------------------------------------------------------
[INFO] Total time:  7.727 s
[INFO] Finished at: 2025-10-22T13:12:22-04:00
[INFO] ------------------------------------------------------------------------
===== Run 2 =====
[INFO] Scanning for projects...
[INFO] Inspecting build with total of 1 modules...
[INFO] Installing Nexus Staging features:
[INFO]   ... total of 1 executions of maven-deploy-plugin replaced with nexus-staging-maven-plugin
[INFO] 
[INFO] --------------------< net.bytebuddy:byte-buddy-dep >--------------------
[INFO] Building Byte Buddy (with dependencies) 1.14.9-SNAPSHOT
[INFO] --------------------------------[ jar ]---------------------------------
[INFO] 
[INFO] >>> nondex-maven-plugin:2.1.7:nondex (default-cli) > test-compile @ byte-buddy-dep >>>
[INFO] 
[INFO] --- maven-resources-plugin:3.2.0:resources (default-resources) @ byte-buddy-dep ---
[INFO] Using 'UTF-8' encoding to copy filtered resources.
[INFO] Using 'UTF-8' encoding to copy filtered properties files.
[INFO] skip non existing resourceDirectory /home/sdoudakl/SWE437Assignment/SWE_437Assignment/byte-buddy-dep/src/main/resources
[INFO] Copying 2 resources to META-INF
[INFO] Copying 9 resources
[INFO] 
[INFO] --- maven-compiler-plugin:3.10.1:compile (default-compile) @ byte-buddy-dep ---
[INFO] Nothing to compile - all classes are up to date
[INFO] 
[INFO] --- byte-buddy-maven-plugin:1.14.6:transform (default) @ byte-buddy-dep ---
[INFO] Resolving transformer dependency: MavenCoordinate{groupId='net.bytebuddy', artifactId='byte-buddy', version='1.14.6', packaging='jar'}
[INFO] Resolved plugin: net.bytebuddy.build.HashCodeAndEqualsPlugin$WithNonNullableFields
[INFO] Resolved plugin: net.bytebuddy.build.CachedReturnPlugin
[INFO] Resolved plugin: net.bytebuddy.build.AccessControllerPlugin
[INFO] Resolved plugin: net.bytebuddy.build.DispatcherAnnotationPlugin
[INFO] Resolved plugin: net.bytebuddy.build.RepeatedAnnotationPlugin
[INFO] Resolved entry point: REDEFINE
[INFO] Processing class files located in in: /home/sdoudakl/SWE437Assignment/SWE_437Assignment/byte-buddy-dep/target/classes
[INFO] No types were transformed during plugin execution but 2833 class file(s) were considered stale
[INFO] 
[INFO] --- maven-resources-plugin:3.2.0:testResources (default-testResources) @ byte-buddy-dep ---
[INFO] Using 'UTF-8' encoding to copy filtered resources.
[INFO] Using 'UTF-8' encoding to copy filtered properties files.
[INFO] Copying 1 resource
[INFO] Copying 1 resource
[INFO] Copying 1 resource
[INFO] Copying 15 resources
[INFO] Copying 34 resources
[INFO] Copying 1 resource
[INFO] Copying 2 resources
[INFO] Copying 2 resources
[INFO] Copying 5 resources
[INFO] 
[INFO] --- maven-compiler-plugin:3.10.1:testCompile (default-testCompile) @ byte-buddy-dep ---
[INFO] Nothing to compile - all classes are up to date
[INFO] 
[INFO] <<< nondex-maven-plugin:2.1.7:nondex (default-cli) < test-compile @ byte-buddy-dep <<<
[INFO] 
[INFO] 
[INFO] --- nondex-maven-plugin:2.1.7:nondex (default-cli) @ byte-buddy-dep ---
INFO: The original argline is: 
INFO: Adding NonDex argLine to existing argLine specified by the project
CONFIG: nondexFilter=.*
nondexMode=FULL
nondexSeed=933178
nondexStart=0
nondexEnd=9223372036854775807
nondexPrintstack=false
nondexDir=/home/sdoudakl/SWE437Assignment/SWE_437Assignment/byte-buddy-dep/.nondex
nondexJarDir=.nondex
nondexExecid=clean_RqJEbQlPOSsxaQzCgNOYew67Egl7G3g74I0nudPkU=
nondexLogging=CONFIG
test=
[INFO] 
[INFO] -------------------------------------------------------
[INFO]  T E S T S
[INFO] -------------------------------------------------------
[INFO] Running net.bytebuddy.description.type.TypeDescriptionArrayProjectionTest
[INFO] Tests run: 1, Failures: 0, Errors: 0, Skipped: 0, Time elapsed: 0.239 s - in net.bytebuddy.description.type.TypeDescriptionArrayProjectionTest
[INFO] 
[INFO] Results:
[INFO] 
[INFO] Tests run: 1, Failures: 0, Errors: 0, Skipped: 0
[INFO] 
INFO: Adding excluded groups to newly created one
INFO: Adding NonDex argLine to existing argLine specified by the project
CONFIG: nondexFilter=.*
nondexMode=FULL
nondexSeed=933178
nondexStart=0
nondexEnd=9223372036854775807
nondexPrintstack=false
nondexDir=/home/sdoudakl/SWE437Assignment/SWE_437Assignment/byte-buddy-dep/.nondex
nondexJarDir=/home/sdoudakl/SWE437Assignment/SWE_437Assignment/byte-buddy-dep/.nondex
nondexExecid=rvSm+l6dlwTCkuikDT3enLYNwdEbU5bFdCyQ8z9Ufeo=
nondexLogging=CONFIG
test=
[INFO] 
[INFO] -------------------------------------------------------
[INFO]  T E S T S
[INFO] -------------------------------------------------------
[INFO] Running net.bytebuddy.description.type.TypeDescriptionArrayProjectionTest
[INFO] Tests run: 1, Failures: 0, Errors: 0, Skipped: 0, Time elapsed: 0.18 s - in net.bytebuddy.description.type.TypeDescriptionArrayProjectionTest
[INFO] 
[INFO] Results:
[INFO] 
[INFO] Tests run: 1, Failures: 0, Errors: 0, Skipped: 0
[INFO] 
INFO: Adding excluded groups to newly created one
INFO: Adding NonDex argLine to existing argLine specified by the project
CONFIG: nondexFilter=.*
nondexMode=FULL
nondexSeed=974622
nondexStart=0
nondexEnd=9223372036854775807
nondexPrintstack=false
nondexDir=/home/sdoudakl/SWE437Assignment/SWE_437Assignment/byte-buddy-dep/.nondex
nondexJarDir=/home/sdoudakl/SWE437Assignment/SWE_437Assignment/byte-buddy-dep/.nondex
nondexExecid=fewW0a1OYUTRJtQnk0E5VyLbef10XcPaDoWtmkON+S8=
nondexLogging=CONFIG
test=
[INFO] 
[INFO] -------------------------------------------------------
[INFO]  T E S T S
[INFO] -------------------------------------------------------
[INFO] Running net.bytebuddy.description.type.TypeDescriptionArrayProjectionTest
[INFO] Tests run: 1, Failures: 0, Errors: 0, Skipped: 0, Time elapsed: 0.182 s - in net.bytebuddy.description.type.TypeDescriptionArrayProjectionTest
[INFO] 
[INFO] Results:
[INFO] 
[INFO] Tests run: 1, Failures: 0, Errors: 0, Skipped: 0
[INFO] 
INFO: Adding excluded groups to newly created one
INFO: Adding NonDex argLine to existing argLine specified by the project
CONFIG: nondexFilter=.*
nondexMode=FULL
nondexSeed=1016066
nondexStart=0
nondexEnd=9223372036854775807
nondexPrintstack=false
nondexDir=/home/sdoudakl/SWE437Assignment/SWE_437Assignment/byte-buddy-dep/.nondex
nondexJarDir=/home/sdoudakl/SWE437Assignment/SWE_437Assignment/byte-buddy-dep/.nondex
nondexExecid=VFEUYzmeBEGHKm1JWGzQ3VJkixBrwUBJ+WJwibyI00=
nondexLogging=CONFIG
test=
[INFO] 
[INFO] -------------------------------------------------------
[INFO]  T E S T S
[INFO] -------------------------------------------------------
[INFO] Running net.bytebuddy.description.type.TypeDescriptionArrayProjectionTest
[INFO] Tests run: 1, Failures: 0, Errors: 0, Skipped: 0, Time elapsed: 0.187 s - in net.bytebuddy.description.type.TypeDescriptionArrayProjectionTest
[INFO] 
[INFO] Results:
[INFO] 
[INFO] Tests run: 1, Failures: 0, Errors: 0, Skipped: 0
[INFO] 
[INFO] NonDex SUMMARY:
[INFO] *********
[INFO] mvn nondex:nondex  -DnondexFilter='.*' -DnondexMode=FULL -DnondexSeed=933178 -DnondexStart=0 -DnondexEnd=9223372036854775807 -DnondexPrintstack=false -DnondexDir="/home/sdoudakl/SWE437Assignment/SWE_437Assignment/byte-buddy-dep/.nondex" -DnondexJarDir="/home/sdoudakl/SWE437Assignment/SWE_437Assignment/byte-buddy-dep/.nondex" -DnondexExecid=rvSm+l6dlwTCkuikDT3enLYNwdEbU5bFdCyQ8z9Ufeo= -DnondexLogging=CONFIG
[INFO] No Test Failed with this configuration.
[INFO] *********
[INFO] *********
[INFO] mvn nondex:nondex  -DnondexFilter='.*' -DnondexMode=FULL -DnondexSeed=974622 -DnondexStart=0 -DnondexEnd=9223372036854775807 -DnondexPrintstack=false -DnondexDir="/home/sdoudakl/SWE437Assignment/SWE_437Assignment/byte-buddy-dep/.nondex" -DnondexJarDir="/home/sdoudakl/SWE437Assignment/SWE_437Assignment/byte-buddy-dep/.nondex" -DnondexExecid=fewW0a1OYUTRJtQnk0E5VyLbef10XcPaDoWtmkON+S8= -DnondexLogging=CONFIG
[INFO] No Test Failed with this configuration.
[INFO] *********
[INFO] *********
[INFO] mvn nondex:nondex  -DnondexFilter='.*' -DnondexMode=FULL -DnondexSeed=1016066 -DnondexStart=0 -DnondexEnd=9223372036854775807 -DnondexPrintstack=false -DnondexDir="/home/sdoudakl/SWE437Assignment/SWE_437Assignment/byte-buddy-dep/.nondex" -DnondexJarDir="/home/sdoudakl/SWE437Assignment/SWE_437Assignment/byte-buddy-dep/.nondex" -DnondexExecid=VFEUYzmeBEGHKm1JWGzQ3VJkixBrwUBJ+WJwibyI00= -DnondexLogging=CONFIG
[INFO] No Test Failed with this configuration.
[INFO] *********
[INFO] All tests pass without NonDex shuffling
[INFO] ####################
[INFO] Across all seeds:
[INFO] Test results can be found at: 
[INFO] file:///home/sdoudakl/SWE437Assignment/SWE_437Assignment/byte-buddy-dep/.nondex/rvSm+l6dlwTCkuikDT3enLYNwdEbU5bFdCyQ8z9Ufeo=/test_results.html
[INFO] [NonDex] The id of this run is: rvSm+l6dlwTCkuikDT3enLYNwdEbU5bFdCyQ8z9Ufeo=
[INFO] ------------------------------------------------------------------------
[INFO] BUILD SUCCESS
[INFO] ------------------------------------------------------------------------
[INFO] Total time:  6.479 s
[INFO] Finished at: 2025-10-22T13:12:29-04:00
[INFO] ------------------------------------------------------------------------
===== Run 3 =====
[INFO] Scanning for projects...
[INFO] Inspecting build with total of 1 modules...
[INFO] Installing Nexus Staging features:
[INFO]   ... total of 1 executions of maven-deploy-plugin replaced with nexus-staging-maven-plugin
[INFO] 
[INFO] --------------------< net.bytebuddy:byte-buddy-dep >--------------------
[INFO] Building Byte Buddy (with dependencies) 1.14.9-SNAPSHOT
[INFO] --------------------------------[ jar ]---------------------------------
[INFO] 
[INFO] >>> nondex-maven-plugin:2.1.7:nondex (default-cli) > test-compile @ byte-buddy-dep >>>
[INFO] 
[INFO] --- maven-resources-plugin:3.2.0:resources (default-resources) @ byte-buddy-dep ---
[INFO] Using 'UTF-8' encoding to copy filtered resources.
[INFO] Using 'UTF-8' encoding to copy filtered properties files.
[INFO] skip non existing resourceDirectory /home/sdoudakl/SWE437Assignment/SWE_437Assignment/byte-buddy-dep/src/main/resources
[INFO] Copying 2 resources to META-INF
[INFO] Copying 9 resources
[INFO] 
[INFO] --- maven-compiler-plugin:3.10.1:compile (default-compile) @ byte-buddy-dep ---
[INFO] Nothing to compile - all classes are up to date
[INFO] 
[INFO] --- byte-buddy-maven-plugin:1.14.6:transform (default) @ byte-buddy-dep ---
[INFO] Resolving transformer dependency: MavenCoordinate{groupId='net.bytebuddy', artifactId='byte-buddy', version='1.14.6', packaging='jar'}
[INFO] Resolved plugin: net.bytebuddy.build.HashCodeAndEqualsPlugin$WithNonNullableFields
[INFO] Resolved plugin: net.bytebuddy.build.CachedReturnPlugin
[INFO] Resolved plugin: net.bytebuddy.build.AccessControllerPlugin
[INFO] Resolved plugin: net.bytebuddy.build.DispatcherAnnotationPlugin
[INFO] Resolved plugin: net.bytebuddy.build.RepeatedAnnotationPlugin
[INFO] Resolved entry point: REDEFINE
[INFO] Processing class files located in in: /home/sdoudakl/SWE437Assignment/SWE_437Assignment/byte-buddy-dep/target/classes
[INFO] No types were transformed during plugin execution but 2833 class file(s) were considered stale
[INFO] 
[INFO] --- maven-resources-plugin:3.2.0:testResources (default-testResources) @ byte-buddy-dep ---
[INFO] Using 'UTF-8' encoding to copy filtered resources.
[INFO] Using 'UTF-8' encoding to copy filtered properties files.
[INFO] Copying 1 resource
[INFO] Copying 1 resource
[INFO] Copying 1 resource
[INFO] Copying 15 resources
[INFO] Copying 34 resources
[INFO] Copying 1 resource
[INFO] Copying 2 resources
[INFO] Copying 2 resources
[INFO] Copying 5 resources
[INFO] 
[INFO] --- maven-compiler-plugin:3.10.1:testCompile (default-testCompile) @ byte-buddy-dep ---
[INFO] Nothing to compile - all classes are up to date
[INFO] 
[INFO] <<< nondex-maven-plugin:2.1.7:nondex (default-cli) < test-compile @ byte-buddy-dep <<<
[INFO] 
[INFO] 
[INFO] --- nondex-maven-plugin:2.1.7:nondex (default-cli) @ byte-buddy-dep ---
INFO: The original argline is: 
INFO: Adding NonDex argLine to existing argLine specified by the project
CONFIG: nondexFilter=.*
nondexMode=FULL
nondexSeed=933178
nondexStart=0
nondexEnd=9223372036854775807
nondexPrintstack=false
nondexDir=/home/sdoudakl/SWE437Assignment/SWE_437Assignment/byte-buddy-dep/.nondex
nondexJarDir=.nondex
nondexExecid=clean_BLXkhPuHGO9vszAgCBrXzFBQu+l+N29R8PzBhKJe7g=
nondexLogging=CONFIG
test=
[INFO] 
[INFO] -------------------------------------------------------
[INFO]  T E S T S
[INFO] -------------------------------------------------------
[INFO] Running net.bytebuddy.description.type.TypeDescriptionArrayProjectionTest
[INFO] Tests run: 1, Failures: 0, Errors: 0, Skipped: 0, Time elapsed: 0.234 s - in net.bytebuddy.description.type.TypeDescriptionArrayProjectionTest
[INFO] 
[INFO] Results:
[INFO] 
[INFO] Tests run: 1, Failures: 0, Errors: 0, Skipped: 0
[INFO] 
INFO: Adding excluded groups to newly created one
INFO: Adding NonDex argLine to existing argLine specified by the project
CONFIG: nondexFilter=.*
nondexMode=FULL
nondexSeed=933178
nondexStart=0
nondexEnd=9223372036854775807
nondexPrintstack=false
nondexDir=/home/sdoudakl/SWE437Assignment/SWE_437Assignment/byte-buddy-dep/.nondex
nondexJarDir=/home/sdoudakl/SWE437Assignment/SWE_437Assignment/byte-buddy-dep/.nondex
nondexExecid=0OsemtsAbnQPYu+4XGmeSrcE+3jIdRlzAZpscvPTZlI=
nondexLogging=CONFIG
test=
[INFO] 
[INFO] -------------------------------------------------------
[INFO]  T E S T S
[INFO] -------------------------------------------------------
[INFO] Running net.bytebuddy.description.type.TypeDescriptionArrayProjectionTest
[INFO] Tests run: 1, Failures: 0, Errors: 0, Skipped: 0, Time elapsed: 0.186 s - in net.bytebuddy.description.type.TypeDescriptionArrayProjectionTest
[INFO] 
[INFO] Results:
[INFO] 
[INFO] Tests run: 1, Failures: 0, Errors: 0, Skipped: 0
[INFO] 
INFO: Adding excluded groups to newly created one
INFO: Adding NonDex argLine to existing argLine specified by the project
CONFIG: nondexFilter=.*
nondexMode=FULL
nondexSeed=974622
nondexStart=0
nondexEnd=9223372036854775807
nondexPrintstack=false
nondexDir=/home/sdoudakl/SWE437Assignment/SWE_437Assignment/byte-buddy-dep/.nondex
nondexJarDir=/home/sdoudakl/SWE437Assignment/SWE_437Assignment/byte-buddy-dep/.nondex
nondexExecid=gm2Pm2KxStNQ8FuldDGkilRi0LmXWnHjAwHaPug10hE=
nondexLogging=CONFIG
test=
[INFO] 
[INFO] -------------------------------------------------------
[INFO]  T E S T S
[INFO] -------------------------------------------------------
[INFO] Running net.bytebuddy.description.type.TypeDescriptionArrayProjectionTest
[INFO] Tests run: 1, Failures: 0, Errors: 0, Skipped: 0, Time elapsed: 0.183 s - in net.bytebuddy.description.type.TypeDescriptionArrayProjectionTest
[INFO] 
[INFO] Results:
[INFO] 
[INFO] Tests run: 1, Failures: 0, Errors: 0, Skipped: 0
[INFO] 
INFO: Adding excluded groups to newly created one
INFO: Adding NonDex argLine to existing argLine specified by the project
CONFIG: nondexFilter=.*
nondexMode=FULL
nondexSeed=1016066
nondexStart=0
nondexEnd=9223372036854775807
nondexPrintstack=false
nondexDir=/home/sdoudakl/SWE437Assignment/SWE_437Assignment/byte-buddy-dep/.nondex
nondexJarDir=/home/sdoudakl/SWE437Assignment/SWE_437Assignment/byte-buddy-dep/.nondex
nondexExecid=CO+p+QcV1dNBJzFB9OcHllvl1qejVo0LlpP7gWxM+xQ=
nondexLogging=CONFIG
test=
[INFO] 
[INFO] -------------------------------------------------------
[INFO]  T E S T S
[INFO] -------------------------------------------------------
[INFO] Running net.bytebuddy.description.type.TypeDescriptionArrayProjectionTest
[INFO] Tests run: 1, Failures: 0, Errors: 0, Skipped: 0, Time elapsed: 0.182 s - in net.bytebuddy.description.type.TypeDescriptionArrayProjectionTest
[INFO] 
[INFO] Results:
[INFO] 
[INFO] Tests run: 1, Failures: 0, Errors: 0, Skipped: 0
[INFO] 
[INFO] NonDex SUMMARY:
[INFO] *********
[INFO] mvn nondex:nondex  -DnondexFilter='.*' -DnondexMode=FULL -DnondexSeed=933178 -DnondexStart=0 -DnondexEnd=9223372036854775807 -DnondexPrintstack=false -DnondexDir="/home/sdoudakl/SWE437Assignment/SWE_437Assignment/byte-buddy-dep/.nondex" -DnondexJarDir="/home/sdoudakl/SWE437Assignment/SWE_437Assignment/byte-buddy-dep/.nondex" -DnondexExecid=0OsemtsAbnQPYu+4XGmeSrcE+3jIdRlzAZpscvPTZlI= -DnondexLogging=CONFIG
[INFO] No Test Failed with this configuration.
[INFO] *********
[INFO] *********
[INFO] mvn nondex:nondex  -DnondexFilter='.*' -DnondexMode=FULL -DnondexSeed=974622 -DnondexStart=0 -DnondexEnd=9223372036854775807 -DnondexPrintstack=false -DnondexDir="/home/sdoudakl/SWE437Assignment/SWE_437Assignment/byte-buddy-dep/.nondex" -DnondexJarDir="/home/sdoudakl/SWE437Assignment/SWE_437Assignment/byte-buddy-dep/.nondex" -DnondexExecid=gm2Pm2KxStNQ8FuldDGkilRi0LmXWnHjAwHaPug10hE= -DnondexLogging=CONFIG
[INFO] No Test Failed with this configuration.
[INFO] *********
[INFO] *********
[INFO] mvn nondex:nondex  -DnondexFilter='.*' -DnondexMode=FULL -DnondexSeed=1016066 -DnondexStart=0 -DnondexEnd=9223372036854775807 -DnondexPrintstack=false -DnondexDir="/home/sdoudakl/SWE437Assignment/SWE_437Assignment/byte-buddy-dep/.nondex" -DnondexJarDir="/home/sdoudakl/SWE437Assignment/SWE_437Assignment/byte-buddy-dep/.nondex" -DnondexExecid=CO+p+QcV1dNBJzFB9OcHllvl1qejVo0LlpP7gWxM+xQ= -DnondexLogging=CONFIG
[INFO] No Test Failed with this configuration.
[INFO] *********
[INFO] All tests pass without NonDex shuffling
[INFO] ####################
[INFO] Across all seeds:
[INFO] Test results can be found at: 
[INFO] file:///home/sdoudakl/SWE437Assignment/SWE_437Assignment/byte-buddy-dep/.nondex/0OsemtsAbnQPYu+4XGmeSrcE+3jIdRlzAZpscvPTZlI=/test_results.html
[INFO] [NonDex] The id of this run is: 0OsemtsAbnQPYu+4XGmeSrcE+3jIdRlzAZpscvPTZlI=
[INFO] ------------------------------------------------------------------------
[INFO] BUILD SUCCESS
[INFO] ------------------------------------------------------------------------
[INFO] Total time:  6.414 s
[INFO] Finished at: 2025-10-22T13:12:36-04:00
[INFO] ------------------------------------------------------------------------
===== Run 4 =====
[INFO] Scanning for projects...
[INFO] Inspecting build with total of 1 modules...
[INFO] Installing Nexus Staging features:
[INFO]   ... total of 1 executions of maven-deploy-plugin replaced with nexus-staging-maven-plugin
[INFO] 
[INFO] --------------------< net.bytebuddy:byte-buddy-dep >--------------------
[INFO] Building Byte Buddy (with dependencies) 1.14.9-SNAPSHOT
[INFO] --------------------------------[ jar ]---------------------------------
[INFO] 
[INFO] >>> nondex-maven-plugin:2.1.7:nondex (default-cli) > test-compile @ byte-buddy-dep >>>
[INFO] 
[INFO] --- maven-resources-plugin:3.2.0:resources (default-resources) @ byte-buddy-dep ---
[INFO] Using 'UTF-8' encoding to copy filtered resources.
[INFO] Using 'UTF-8' encoding to copy filtered properties files.
[INFO] skip non existing resourceDirectory /home/sdoudakl/SWE437Assignment/SWE_437Assignment/byte-buddy-dep/src/main/resources
[INFO] Copying 2 resources to META-INF
[INFO] Copying 9 resources
[INFO] 
[INFO] --- maven-compiler-plugin:3.10.1:compile (default-compile) @ byte-buddy-dep ---
[INFO] Nothing to compile - all classes are up to date
[INFO] 
[INFO] --- byte-buddy-maven-plugin:1.14.6:transform (default) @ byte-buddy-dep ---
[INFO] Resolving transformer dependency: MavenCoordinate{groupId='net.bytebuddy', artifactId='byte-buddy', version='1.14.6', packaging='jar'}
[INFO] Resolved plugin: net.bytebuddy.build.HashCodeAndEqualsPlugin$WithNonNullableFields
[INFO] Resolved plugin: net.bytebuddy.build.CachedReturnPlugin
[INFO] Resolved plugin: net.bytebuddy.build.AccessControllerPlugin
[INFO] Resolved plugin: net.bytebuddy.build.DispatcherAnnotationPlugin
[INFO] Resolved plugin: net.bytebuddy.build.RepeatedAnnotationPlugin
[INFO] Resolved entry point: REDEFINE
[INFO] Processing class files located in in: /home/sdoudakl/SWE437Assignment/SWE_437Assignment/byte-buddy-dep/target/classes
[INFO] No types were transformed during plugin execution but 2833 class file(s) were considered stale
[INFO] 
[INFO] --- maven-resources-plugin:3.2.0:testResources (default-testResources) @ byte-buddy-dep ---
[INFO] Using 'UTF-8' encoding to copy filtered resources.
[INFO] Using 'UTF-8' encoding to copy filtered properties files.
[INFO] Copying 1 resource
[INFO] Copying 1 resource
[INFO] Copying 1 resource
[INFO] Copying 15 resources
[INFO] Copying 34 resources
[INFO] Copying 1 resource
[INFO] Copying 2 resources
[INFO] Copying 2 resources
[INFO] Copying 5 resources
[INFO] 
[INFO] --- maven-compiler-plugin:3.10.1:testCompile (default-testCompile) @ byte-buddy-dep ---
[INFO] Nothing to compile - all classes are up to date
[INFO] 
[INFO] <<< nondex-maven-plugin:2.1.7:nondex (default-cli) < test-compile @ byte-buddy-dep <<<
[INFO] 
[INFO] 
[INFO] --- nondex-maven-plugin:2.1.7:nondex (default-cli) @ byte-buddy-dep ---
INFO: The original argline is: 
INFO: Adding NonDex argLine to existing argLine specified by the project
CONFIG: nondexFilter=.*
nondexMode=FULL
nondexSeed=933178
nondexStart=0
nondexEnd=9223372036854775807
nondexPrintstack=false
nondexDir=/home/sdoudakl/SWE437Assignment/SWE_437Assignment/byte-buddy-dep/.nondex
nondexJarDir=.nondex
nondexExecid=clean_4CrtPrfLFsVFCWDW04903wb50yAB01MCyqIf0+5cEbQ=
nondexLogging=CONFIG
test=
[INFO] 
[INFO] -------------------------------------------------------
[INFO]  T E S T S
[INFO] -------------------------------------------------------
[INFO] Running net.bytebuddy.description.type.TypeDescriptionArrayProjectionTest
[INFO] Tests run: 1, Failures: 0, Errors: 0, Skipped: 0, Time elapsed: 0.242 s - in net.bytebuddy.description.type.TypeDescriptionArrayProjectionTest
[INFO] 
[INFO] Results:
[INFO] 
[INFO] Tests run: 1, Failures: 0, Errors: 0, Skipped: 0
[INFO] 
INFO: Adding excluded groups to newly created one
INFO: Adding NonDex argLine to existing argLine specified by the project
CONFIG: nondexFilter=.*
nondexMode=FULL
nondexSeed=933178
nondexStart=0
nondexEnd=9223372036854775807
nondexPrintstack=false
nondexDir=/home/sdoudakl/SWE437Assignment/SWE_437Assignment/byte-buddy-dep/.nondex
nondexJarDir=/home/sdoudakl/SWE437Assignment/SWE_437Assignment/byte-buddy-dep/.nondex
nondexExecid=ICfXW90C73qhr0OwYEBoCa0ACWxtRxrIW8sZ7KIEpA=
nondexLogging=CONFIG
test=
[INFO] 
[INFO] -------------------------------------------------------
[INFO]  T E S T S
[INFO] -------------------------------------------------------
[INFO] Running net.bytebuddy.description.type.TypeDescriptionArrayProjectionTest
[ERROR] Tests run: 1, Failures: 1, Errors: 0, Skipped: 0, Time elapsed: 0.176 s <<< FAILURE! - in net.bytebuddy.description.type.TypeDescriptionArrayProjectionTest
[ERROR] testTypeAnnotationExceptionType(net.bytebuddy.description.type.TypeDescriptionArrayProjectionTest)  Time elapsed: 0.176 s  <<< FAILURE!
java.lang.AssertionError: 

Expected: is <VARIABLE>
     but: was <NON_GENERIC>

[INFO] 
[INFO] Results:
[INFO] 
[ERROR] Failures: 
[ERROR]   TypeDescriptionArrayProjectionTest>AbstractTypeDescriptionGenericTest.testTypeAnnotationExceptionType:1443 
Expected: is <VARIABLE>
     but: was <NON_GENERIC>
[INFO] 
[ERROR] Tests run: 1, Failures: 1, Errors: 0, Skipped: 0
[INFO] 
INFO: Surefire failed when running tests for ICfXW90C73qhr0OwYEBoCa0ACWxtRxrIW8sZ7KIEpA=
INFO: Adding excluded groups to newly created one
INFO: Adding NonDex argLine to existing argLine specified by the project
CONFIG: nondexFilter=.*
nondexMode=FULL
nondexSeed=974622
nondexStart=0
nondexEnd=9223372036854775807
nondexPrintstack=false
nondexDir=/home/sdoudakl/SWE437Assignment/SWE_437Assignment/byte-buddy-dep/.nondex
nondexJarDir=/home/sdoudakl/SWE437Assignment/SWE_437Assignment/byte-buddy-dep/.nondex
nondexExecid=g+CWiNsvrz7Wz0MZf9d+vKJtfWEREOWkPqPH6snLYg=
nondexLogging=CONFIG
test=
[INFO] 
[INFO] -------------------------------------------------------
[INFO]  T E S T S
[INFO] -------------------------------------------------------
[INFO] Running net.bytebuddy.description.type.TypeDescriptionArrayProjectionTest
[INFO] Tests run: 1, Failures: 0, Errors: 0, Skipped: 0, Time elapsed: 0.181 s - in net.bytebuddy.description.type.TypeDescriptionArrayProjectionTest
[INFO] 
[INFO] Results:
[INFO] 
[INFO] Tests run: 1, Failures: 0, Errors: 0, Skipped: 0
[INFO] 
INFO: Adding excluded groups to newly created one
INFO: Adding NonDex argLine to existing argLine specified by the project
CONFIG: nondexFilter=.*
nondexMode=FULL
nondexSeed=1016066
nondexStart=0
nondexEnd=9223372036854775807
nondexPrintstack=false
nondexDir=/home/sdoudakl/SWE437Assignment/SWE_437Assignment/byte-buddy-dep/.nondex
nondexJarDir=/home/sdoudakl/SWE437Assignment/SWE_437Assignment/byte-buddy-dep/.nondex
nondexExecid=Gbe+MI1kt94MUR2WpuUqr9M9RaM9ThWQPV3mJHXLA4w=
nondexLogging=CONFIG
test=
[INFO] 
[INFO] -------------------------------------------------------
[INFO]  T E S T S
[INFO] -------------------------------------------------------
[INFO] Running net.bytebuddy.description.type.TypeDescriptionArrayProjectionTest
[INFO] Tests run: 1, Failures: 0, Errors: 0, Skipped: 0, Time elapsed: 0.182 s - in net.bytebuddy.description.type.TypeDescriptionArrayProjectionTest
[INFO] 
[INFO] Results:
[INFO] 
[INFO] Tests run: 1, Failures: 0, Errors: 0, Skipped: 0
[INFO] 
[INFO] NonDex SUMMARY:
[INFO] *********
[INFO] mvn nondex:nondex  -DnondexFilter='.*' -DnondexMode=FULL -DnondexSeed=933178 -DnondexStart=0 -DnondexEnd=9223372036854775807 -DnondexPrintstack=false -DnondexDir="/home/sdoudakl/SWE437Assignment/SWE_437Assignment/byte-buddy-dep/.nondex" -DnondexJarDir="/home/sdoudakl/SWE437Assignment/SWE_437Assignment/byte-buddy-dep/.nondex" -DnondexExecid=ICfXW90C73qhr0OwYEBoCa0ACWxtRxrIW8sZ7KIEpA= -DnondexLogging=CONFIG
[INFO] No Test Failed with this configuration.
[INFO] *********
[INFO] *********
[INFO] mvn nondex:nondex  -DnondexFilter='.*' -DnondexMode=FULL -DnondexSeed=974622 -DnondexStart=0 -DnondexEnd=9223372036854775807 -DnondexPrintstack=false -DnondexDir="/home/sdoudakl/SWE437Assignment/SWE_437Assignment/byte-buddy-dep/.nondex" -DnondexJarDir="/home/sdoudakl/SWE437Assignment/SWE_437Assignment/byte-buddy-dep/.nondex" -DnondexExecid=g+CWiNsvrz7Wz0MZf9d+vKJtfWEREOWkPqPH6snLYg= -DnondexLogging=CONFIG
[INFO] No Test Failed with this configuration.
[INFO] *********
[INFO] *********
[INFO] mvn nondex:nondex  -DnondexFilter='.*' -DnondexMode=FULL -DnondexSeed=1016066 -DnondexStart=0 -DnondexEnd=9223372036854775807 -DnondexPrintstack=false -DnondexDir="/home/sdoudakl/SWE437Assignment/SWE_437Assignment/byte-buddy-dep/.nondex" -DnondexJarDir="/home/sdoudakl/SWE437Assignment/SWE_437Assignment/byte-buddy-dep/.nondex" -DnondexExecid=Gbe+MI1kt94MUR2WpuUqr9M9RaM9ThWQPV3mJHXLA4w= -DnondexLogging=CONFIG
[INFO] No Test Failed with this configuration.
[INFO] *********
[INFO] All tests pass without NonDex shuffling
[INFO] ####################
[INFO] Across all seeds:
[INFO] Test results can be found at: 
[INFO] file:///home/sdoudakl/SWE437Assignment/SWE_437Assignment/byte-buddy-dep/.nondex/ICfXW90C73qhr0OwYEBoCa0ACWxtRxrIW8sZ7KIEpA=/test_results.html
[INFO] [NonDex] The id of this run is: ICfXW90C73qhr0OwYEBoCa0ACWxtRxrIW8sZ7KIEpA=
[INFO] ------------------------------------------------------------------------
[INFO] BUILD FAILURE
[INFO] ------------------------------------------------------------------------
[INFO] Total time:  6.408 s
[INFO] Finished at: 2025-10-22T13:12:44-04:00
[INFO] ------------------------------------------------------------------------
[ERROR] Failed to execute goal edu.illinois:nondex-maven-plugin:2.1.7:nondex (default-cli) on project byte-buddy-dep: Unable to execute mojo: There are test failures.
[ERROR] 
[ERROR] Please refer to /home/sdoudakl/SWE437Assignment/SWE_437Assignment/byte-buddy-dep/target/surefire-reports for the individual test results.
[ERROR] Please refer to dump files (if any exist) [date].dump, [date]-jvmRun[N].dump and [date].dumpstream.
[ERROR] -> [Help 1]
[ERROR] 
[ERROR] To see the full stack trace of the errors, re-run Maven with the -e switch.
[ERROR] Re-run Maven using the -X switch to enable full debug logging.
[ERROR] 
[ERROR] For more information about the errors and possible solutions, please read the following articles:
[ERROR] [Help 1] http://cwiki.apache.org/confluence/display/MAVEN/MojoExecutionException
===== Run 5 =====
[INFO] Scanning for projects...
[INFO] Inspecting build with total of 1 modules...
[INFO] Installing Nexus Staging features:
[INFO]   ... total of 1 executions of maven-deploy-plugin replaced with nexus-staging-maven-plugin
[INFO] 
[INFO] --------------------< net.bytebuddy:byte-buddy-dep >--------------------
[INFO] Building Byte Buddy (with dependencies) 1.14.9-SNAPSHOT
[INFO] --------------------------------[ jar ]---------------------------------
[INFO] 
[INFO] >>> nondex-maven-plugin:2.1.7:nondex (default-cli) > test-compile @ byte-buddy-dep >>>
[INFO] 
[INFO] --- maven-resources-plugin:3.2.0:resources (default-resources) @ byte-buddy-dep ---
[INFO] Using 'UTF-8' encoding to copy filtered resources.
[INFO] Using 'UTF-8' encoding to copy filtered properties files.
[INFO] skip non existing resourceDirectory /home/sdoudakl/SWE437Assignment/SWE_437Assignment/byte-buddy-dep/src/main/resources
[INFO] Copying 2 resources to META-INF
[INFO] Copying 9 resources
[INFO] 
[INFO] --- maven-compiler-plugin:3.10.1:compile (default-compile) @ byte-buddy-dep ---
[INFO] Nothing to compile - all classes are up to date
[INFO] 
[INFO] --- byte-buddy-maven-plugin:1.14.6:transform (default) @ byte-buddy-dep ---
[INFO] Resolving transformer dependency: MavenCoordinate{groupId='net.bytebuddy', artifactId='byte-buddy', version='1.14.6', packaging='jar'}
[INFO] Resolved plugin: net.bytebuddy.build.HashCodeAndEqualsPlugin$WithNonNullableFields
[INFO] Resolved plugin: net.bytebuddy.build.CachedReturnPlugin
[INFO] Resolved plugin: net.bytebuddy.build.AccessControllerPlugin
[INFO] Resolved plugin: net.bytebuddy.build.DispatcherAnnotationPlugin
[INFO] Resolved plugin: net.bytebuddy.build.RepeatedAnnotationPlugin
[INFO] Resolved entry point: REDEFINE
[INFO] Processing class files located in in: /home/sdoudakl/SWE437Assignment/SWE_437Assignment/byte-buddy-dep/target/classes
[INFO] No types were transformed during plugin execution but 2833 class file(s) were considered stale
[INFO] 
[INFO] --- maven-resources-plugin:3.2.0:testResources (default-testResources) @ byte-buddy-dep ---
[INFO] Using 'UTF-8' encoding to copy filtered resources.
[INFO] Using 'UTF-8' encoding to copy filtered properties files.
[INFO] Copying 1 resource
[INFO] Copying 1 resource
[INFO] Copying 1 resource
[INFO] Copying 15 resources
[INFO] Copying 34 resources
[INFO] Copying 1 resource
[INFO] Copying 2 resources
[INFO] Copying 2 resources
[INFO] Copying 5 resources
[INFO] 
[INFO] --- maven-compiler-plugin:3.10.1:testCompile (default-testCompile) @ byte-buddy-dep ---
[INFO] Nothing to compile - all classes are up to date
[INFO] 
[INFO] <<< nondex-maven-plugin:2.1.7:nondex (default-cli) < test-compile @ byte-buddy-dep <<<
[INFO] 
[INFO] 
[INFO] --- nondex-maven-plugin:2.1.7:nondex (default-cli) @ byte-buddy-dep ---
INFO: The original argline is: 
INFO: Adding NonDex argLine to existing argLine specified by the project
CONFIG: nondexFilter=.*
nondexMode=FULL
nondexSeed=933178
nondexStart=0
nondexEnd=9223372036854775807
nondexPrintstack=false
nondexDir=/home/sdoudakl/SWE437Assignment/SWE_437Assignment/byte-buddy-dep/.nondex
nondexJarDir=.nondex
nondexExecid=clean_bLjGdFNk51oIzeEyHD7ePf+j1GC9XvHUqZTTR5Efz4=
nondexLogging=CONFIG
test=
[INFO] 
[INFO] -------------------------------------------------------
[INFO]  T E S T S
[INFO] -------------------------------------------------------
[INFO] Running net.bytebuddy.description.type.TypeDescriptionArrayProjectionTest
[INFO] Tests run: 1, Failures: 0, Errors: 0, Skipped: 0, Time elapsed: 0.258 s - in net.bytebuddy.description.type.TypeDescriptionArrayProjectionTest
[INFO] 
[INFO] Results:
[INFO] 
[INFO] Tests run: 1, Failures: 0, Errors: 0, Skipped: 0
[INFO] 
INFO: Adding excluded groups to newly created one
INFO: Adding NonDex argLine to existing argLine specified by the project
CONFIG: nondexFilter=.*
nondexMode=FULL
nondexSeed=933178
nondexStart=0
nondexEnd=9223372036854775807
nondexPrintstack=false
nondexDir=/home/sdoudakl/SWE437Assignment/SWE_437Assignment/byte-buddy-dep/.nondex
nondexJarDir=/home/sdoudakl/SWE437Assignment/SWE_437Assignment/byte-buddy-dep/.nondex
nondexExecid=QoUfwLusHhrkq45LBw1953n8krJqYTbd0CxvQjcnA8=
nondexLogging=CONFIG
test=
[INFO] 
[INFO] -------------------------------------------------------
[INFO]  T E S T S
[INFO] -------------------------------------------------------
[INFO] Running net.bytebuddy.description.type.TypeDescriptionArrayProjectionTest
[INFO] Tests run: 1, Failures: 0, Errors: 0, Skipped: 0, Time elapsed: 0.192 s - in net.bytebuddy.description.type.TypeDescriptionArrayProjectionTest
[INFO] 
[INFO] Results:
[INFO] 
[INFO] Tests run: 1, Failures: 0, Errors: 0, Skipped: 0
[INFO] 
INFO: Adding excluded groups to newly created one
INFO: Adding NonDex argLine to existing argLine specified by the project
CONFIG: nondexFilter=.*
nondexMode=FULL
nondexSeed=974622
nondexStart=0
nondexEnd=9223372036854775807
nondexPrintstack=false
nondexDir=/home/sdoudakl/SWE437Assignment/SWE_437Assignment/byte-buddy-dep/.nondex
nondexJarDir=/home/sdoudakl/SWE437Assignment/SWE_437Assignment/byte-buddy-dep/.nondex
nondexExecid=8jJ4XBn5xVR3cRLeduAx6U7bpIlgcSBUWEd34qbObSg=
nondexLogging=CONFIG
test=
[INFO] 
[INFO] -------------------------------------------------------
[INFO]  T E S T S
[INFO] -------------------------------------------------------
[INFO] Running net.bytebuddy.description.type.TypeDescriptionArrayProjectionTest
[INFO] Tests run: 1, Failures: 0, Errors: 0, Skipped: 0, Time elapsed: 0.184 s - in net.bytebuddy.description.type.TypeDescriptionArrayProjectionTest
[INFO] 
[INFO] Results:
[INFO] 
[INFO] Tests run: 1, Failures: 0, Errors: 0, Skipped: 0
[INFO] 
INFO: Adding excluded groups to newly created one
INFO: Adding NonDex argLine to existing argLine specified by the project
CONFIG: nondexFilter=.*
nondexMode=FULL
nondexSeed=1016066
nondexStart=0
nondexEnd=9223372036854775807
nondexPrintstack=false
nondexDir=/home/sdoudakl/SWE437Assignment/SWE_437Assignment/byte-buddy-dep/.nondex
nondexJarDir=/home/sdoudakl/SWE437Assignment/SWE_437Assignment/byte-buddy-dep/.nondex
nondexExecid=q3SrqeHEITb7n0XnX07QhIFfOKAlvNKch5bIKvHDMGY=
nondexLogging=CONFIG
test=
[INFO] 
[INFO] -------------------------------------------------------
[INFO]  T E S T S
[INFO] -------------------------------------------------------
[INFO] Running net.bytebuddy.description.type.TypeDescriptionArrayProjectionTest
[INFO] Tests run: 1, Failures: 0, Errors: 0, Skipped: 0, Time elapsed: 0.18 s - in net.bytebuddy.description.type.TypeDescriptionArrayProjectionTest
[INFO] 
[INFO] Results:
[INFO] 
[INFO] Tests run: 1, Failures: 0, Errors: 0, Skipped: 0
[INFO] 
[INFO] NonDex SUMMARY:
[INFO] *********
[INFO] mvn nondex:nondex  -DnondexFilter='.*' -DnondexMode=FULL -DnondexSeed=933178 -DnondexStart=0 -DnondexEnd=9223372036854775807 -DnondexPrintstack=false -DnondexDir="/home/sdoudakl/SWE437Assignment/SWE_437Assignment/byte-buddy-dep/.nondex" -DnondexJarDir="/home/sdoudakl/SWE437Assignment/SWE_437Assignment/byte-buddy-dep/.nondex" -DnondexExecid=QoUfwLusHhrkq45LBw1953n8krJqYTbd0CxvQjcnA8= -DnondexLogging=CONFIG
[INFO] No Test Failed with this configuration.
[INFO] *********
[INFO] *********
[INFO] mvn nondex:nondex  -DnondexFilter='.*' -DnondexMode=FULL -DnondexSeed=974622 -DnondexStart=0 -DnondexEnd=9223372036854775807 -DnondexPrintstack=false -DnondexDir="/home/sdoudakl/SWE437Assignment/SWE_437Assignment/byte-buddy-dep/.nondex" -DnondexJarDir="/home/sdoudakl/SWE437Assignment/SWE_437Assignment/byte-buddy-dep/.nondex" -DnondexExecid=8jJ4XBn5xVR3cRLeduAx6U7bpIlgcSBUWEd34qbObSg= -DnondexLogging=CONFIG
[INFO] No Test Failed with this configuration.
[INFO] *********
[INFO] *********
[INFO] mvn nondex:nondex  -DnondexFilter='.*' -DnondexMode=FULL -DnondexSeed=1016066 -DnondexStart=0 -DnondexEnd=9223372036854775807 -DnondexPrintstack=false -DnondexDir="/home/sdoudakl/SWE437Assignment/SWE_437Assignment/byte-buddy-dep/.nondex" -DnondexJarDir="/home/sdoudakl/SWE437Assignment/SWE_437Assignment/byte-buddy-dep/.nondex" -DnondexExecid=q3SrqeHEITb7n0XnX07QhIFfOKAlvNKch5bIKvHDMGY= -DnondexLogging=CONFIG
[INFO] No Test Failed with this configuration.
[INFO] *********
[INFO] All tests pass without NonDex shuffling
[INFO] ####################
[INFO] Across all seeds:
[INFO] Test results can be found at: 
[INFO] file:///home/sdoudakl/SWE437Assignment/SWE_437Assignment/byte-buddy-dep/.nondex/QoUfwLusHhrkq45LBw1953n8krJqYTbd0CxvQjcnA8=/test_results.html
[INFO] [NonDex] The id of this run is: QoUfwLusHhrkq45LBw1953n8krJqYTbd0CxvQjcnA8=
[INFO] ------------------------------------------------------------------------
[INFO] BUILD SUCCESS
[INFO] ------------------------------------------------------------------------
[INFO] Total time:  6.500 s
[INFO] Finished at: 2025-10-22T13:12:51-04:00
[INFO] ------------------------------------------------------------------------
